  Determining projects to restore...
  All projects are up-to-date for restore.
C:\Users\Mohd Shahnawaz\source\repos\Revit-API-Lab\DataLab\LicFolder\AuthService.cs(1,7): error CS0246: The type or namespace name 'Newtonsoft' could not be found (are you missing a using directive or an assembly reference?) [C:\Users\Mohd Shahnawaz\source\repos\Revit-API-Lab\B-Lab_2qcdmir0_wpftmp.csproj]
C:\Users\Mohd Shahnawaz\source\repos\Revit-API-Lab\DataLab\LicFolder\TokenService.cs(1,7): error CS0246: The type or namespace name 'Newtonsoft' could not be found (are you missing a using directive or an assembly reference?) [C:\Users\Mohd Shahnawaz\source\repos\Revit-API-Lab\B-Lab_2qcdmir0_wpftmp.csproj]
C:\Users\Mohd Shahnawaz\source\repos\Revit-API-Lab\DataLab\LicFolder\LoginResult.cs(24,56): warning CS8625: Cannot convert null literal to non-nullable reference type. [C:\Users\Mohd Shahnawaz\source\repos\Revit-API-Lab\B-Lab_2qcdmir0_wpftmp.csproj]
C:\Users\Mohd Shahnawaz\source\repos\Revit-API-Lab\DataLab\LicFolder\LoginResult.cs(24,76): warning CS8625: Cannot convert null literal to non-nullable reference type. [C:\Users\Mohd Shahnawaz\source\repos\Revit-API-Lab\B-Lab_2qcdmir0_wpftmp.csproj]

Build FAILED.

C:\Users\Mohd Shahnawaz\source\repos\Revit-API-Lab\DataLab\LicFolder\LoginResult.cs(24,56): warning CS8625: Cannot convert null literal to non-nullable reference type. [C:\Users\Mohd Shahnawaz\source\repos\Revit-API-Lab\B-Lab_2qcdmir0_wpftmp.csproj]
C:\Users\Mohd Shahnawaz\source\repos\Revit-API-Lab\DataLab\LicFolder\LoginResult.cs(24,76): warning CS8625: Cannot convert null literal to non-nullable reference type. [C:\Users\Mohd Shahnawaz\source\repos\Revit-API-Lab\B-Lab_2qcdmir0_wpftmp.csproj]
C:\Users\Mohd Shahnawaz\source\repos\Revit-API-Lab\DataLab\LicFolder\AuthService.cs(1,7): error CS0246: The type or namespace name 'Newtonsoft' could not be found (are you missing a using directive or an assembly reference?) [C:\Users\Mohd Shahnawaz\source\repos\Revit-API-Lab\B-Lab_2qcdmir0_wpftmp.csproj]
C:\Users\Mohd Shahnawaz\source\repos\Revit-API-Lab\DataLab\LicFolder\TokenService.cs(1,7): error CS0246: The type or namespace name 'Newtonsoft' could not be found (are you missing a using directive or an assembly reference?) [C:\Users\Mohd Shahnawaz\source\repos\Revit-API-Lab\B-Lab_2qcdmir0_wpftmp.csproj]
    2 Warning(s)
    2 Error(s)

Time Elapsed 00:00:03.42
